
> inventory-tracker@0.1.0 build
> react-scripts build

Creating an optimized production build...
Compiled with warnings.

[eslint] 
src\components\BusinessOwner.js
  Line 57:8:  React Hook useEffect has a missing dependency: 'fetchAllData'. Either include it or remove the dependency array  react-hooks/exhaustive-deps
  Line 69:8:  React Hook useEffect has a missing dependency: 'initCharts'. Either include it or remove the dependency array    react-hooks/exhaustive-deps

src\components\BusinessOwner\AddSupplierOrder.js
  Line 26:8:  React Hook useEffect has a missing dependency: 'fetchSupplierInfo'. Either include it or remove the dependency array  react-hooks/exhaustive-deps

src\components\BusinessOwner\EditOrder.js
  Line 30:8:  React Hook useEffect has a missing dependency: 'fetchOrder'. Either include it or remove the dependency array  react-hooks/exhaustive-deps

src\components\BusinessOwner\EditSupplierOrder.js
  Line 28:8:  React Hook useEffect has a missing dependency: 'fetchOrderDetails'. Either include it or remove the dependency array  react-hooks/exhaustive-deps

src\components\BusinessOwner\Orders.js
  Line 18:8:  React Hook useEffect has a missing dependency: 'fetchOrders'. Either include it or remove the dependency array  react-hooks/exhaustive-deps

src\components\BusinessOwner\Settings.js
  Line 55:6:  React Hook useEffect has a missing dependency: 'fetchBusinessOwnerData'. Either include it or remove the dependency array  react-hooks/exhaustive-deps

src\components\BusinessOwner\SupplierOrder.js
  Line 24:8:  React Hook useEffect has a missing dependency: 'fetchSupplierOrders'. Either include it or remove the dependency array  react-hooks/exhaustive-deps

src\components\BusinessOwner\Suppliers.js
  Line 20:8:  React Hook useEffect has a missing dependency: 'fetchSuppliers'. Either include it or remove the dependency array  react-hooks/exhaustive-deps

src\components\BusinessOwner\Warehouses.js
  Line 2:10:  'Link' is defined but never used                                                                                    no-unused-vars
  Line 34:8:  React Hook useEffect has a missing dependency: 'fetchWarehouses'. Either include it or remove the dependency array  react-hooks/exhaustive-deps

src\components\Contact.js
  Line 108:29:  The href attribute requires a valid value to be accessible. Provide a valid, navigable address as the href value. If you cannot provide a valid href, but still need the element to resemble a link, use a button and change it with appropriate styles. Learn more: https://github.com/jsx-eslint/eslint-plugin-jsx-a11y/blob/HEAD/docs/rules/anchor-is-valid.md  jsx-a11y/anchor-is-valid

src\components\Employee.js
  Line 50:8:  React Hook useEffect has a missing dependency: 'fetchAllData'. Either include it or remove the dependency array  react-hooks/exhaustive-deps
  Line 58:8:  React Hook useEffect has a missing dependency: 'initCharts'. Either include it or remove the dependency array    react-hooks/exhaustive-deps

src\components\Employee\Settings.js
  Line 42:6:  React Hook useEffect has a missing dependency: 'fetchEmployeeData'. Either include it or remove the dependency array  react-hooks/exhaustive-deps

src\components\Supplier.js
  Line 236:15:  'colors' is assigned a value but never used  no-unused-vars

src\components\Supplier\Settings.js
  Line 54:6:  React Hook useEffect has a missing dependency: 'fetchSupplierData'. Either include it or remove the dependency array  react-hooks/exhaustive-deps

src\components\Supplier\SupplierOrderDetail.js
  Line 66:8:  React Hook useCallback has missing dependencies: 'navigate' and 'props'. Either include them or remove the dependency array. However, 'props' will change when *any* prop changes, so the preferred fix is to destructure the 'props' object outside of the useCallback call and refer to those specific props inside useCallback  react-hooks/exhaustive-deps
  Line 71:8:  React Hook useEffect has a missing dependency: 'fetchOrderDetail'. Either include it or remove the dependency array                                                                                                                                                                                                                react-hooks/exhaustive-deps

src\components\Supplier\SupplierOrders.js
  Line 51:8:  React Hook useEffect has a missing dependency: 'fetchSupplierOrders'. Either include it or remove the dependency array  react-hooks/exhaustive-deps

Search for the keywords to learn more about each warning.
To ignore, add // eslint-disable-next-line to the line before.

File sizes after gzip:

  509.22 kB  build\static\js\main.edef5789.js
  43.27 kB   build\static\js\455.30424b07.chunk.js
  17.8 kB    build\static\css\main.dea61899.css
  8.7 kB     build\static\js\977.0b98c463.chunk.js
  1.77 kB    build\static\js\453.880e0da4.chunk.js

The project was built assuming it is hosted at /.
You can control this with the homepage field in your package.json.

The build folder is ready to be deployed.
You may serve it with a static server:

  npm install -g serve
  serve -s build

Find out more about deployment here:

  https://cra.link/deployment

